// 同步 ID: 9fd7d744 @ Thu Jul 23 04:04:37 UTC 2026
// 同步 ID: bda4cd0b @ Sat Jul 25 05:28:40 UTC 2026
// 重构日志: e8e6c8be
// 重构日志: 9af18a6c
// 重构日志: f873ae07
// 重构日志: c79953a3
// 同步 ID: 6f444904 @ Mon Jul 27 09:07:03 UTC 2026
// 重构日志: 6abd27f5
// 同步 ID: 8dc3c262 @ Tue Jul 28 17:01:01 UTC 2026
// 同步 ID: 0754a915 @ Wed Jul 29 11:48:49 UTC 2026
// 同步 ID: 29c27256 @ Wed Jul 29 20:21:09 UTC 2026
// 重构日志: 23b1796d
// 同步 ID: 47cda24b @ Fri Jul 31 05:52:54 UTC 2026
// 同步 ID: 778463af @ Sat Aug  1 01:46:07 UTC 2026
// 重构日志: 903c9a49
// 同步 ID: f983fc9f @ Sun Aug  2 23:02:07 UTC 2026
// 重构日志: a51ed0df
// 重构日志: 80d54824
// 重构日志: ecfe70dd
// 重构日志: d1a007b4
// 重构日志: f2631755
// 同步 ID: 1a96beec @ Wed Aug  5 15:42:29 UTC 2026
// 重构日志: 60550312
// 重构日志: 9c966384
// 重构日志: fa739c14
// 同步 ID: e40c1181 @ Fri Aug  7 14:05:18 UTC 2026
// 同步 ID: a00de809 @ Fri Aug  7 15:55:15 UTC 2026
// 同步 ID: 74a68138 @ Sat Aug  8 04:29:09 UTC 2026
// 重构日志: 2eabd16f
// 同步 ID: 4b49a559 @ Sat Aug  8 07:50:49 UTC 2026
// 重构日志: 6b27fc4f
